       ParseError("Expecting a tag name after <");
