ParseError(((const char*)"Unexpected character inside tag content")).ErrLine::operator[](((size_t)iLine))'
array subscript value '2' is outside the bounds of array type 'int [0]'
